------------------------------------
Thu 28 May 2026 14:32:57 IDT
SLURM_JOBID:		17929104
SLURM_JOB_NODELIST:	ee-l40s-01
SLURM_SCRATCH_DIR:	/scratch/zivcz/17929104
Allocated Resouces:	cpu - 8 / mem - 49152 MB / gpu - 4
SLURM_GPU_INDEX:	4
Running as zivcz from eliyanac account with eliyanac QOS
------------------------------------
JOBID=17929104
NODELIST=ee-l40s-01
START=Thu 28 May 2026 14:32:58 IDT
Thu May 28 14:32:58 2026       
+-----------------------------------------------------------------------------------------+
| NVIDIA-SMI 580.126.20             Driver Version: 580.126.20     CUDA Version: 13.0     |
+-----------------------------------------+------------------------+----------------------+
| GPU  Name                 Persistence-M | Bus-Id          Disp.A | Volatile Uncorr. ECC |
| Fan  Temp   Perf          Pwr:Usage/Cap |           Memory-Usage | GPU-Util  Compute M. |
|                                         |                        |               MIG M. |
|=========================================+========================+======================|
|   0  NVIDIA L40S                    On  |   00000000:F3:00.0 Off |                    0 |
| N/A   47C    P8             37W /  350W |       0MiB /  46068MiB |      0%      Default |
|                                         |                        |                  N/A |
+-----------------------------------------+------------------------+----------------------+

+-----------------------------------------------------------------------------------------+
| Processes:                                                                              |
|  GPU   GI   CI              PID   Type   Process name                        GPU Memory |
|        ID   ID                                                               Usage      |
|=========================================================================================|
|  No running processes found                                                             |
+-----------------------------------------------------------------------------------------+
Warning: You are sending unauthenticated requests to the HF Hub. Please set a HF_TOKEN to enable higher rate limits and faster downloads.
Device: cuda
Seed: 42

============================================================
Loading data
============================================================

Loading train:
  10216 samples, 10216 with triplets (100.0%)

Loading val:
  1313 samples, 1313 with triplets (100.0%)

Loading test:
  1246 samples, 1246 with triplets (100.0%)

Tokenizer vocab size: 50272

============================================================
Building model
============================================================
Loading weights:   0%|          | 0/512 [00:00<?, ?it/s]Loading weights: 100%|██████████| 512/512 [00:00<00:00, 11904.21it/s]
  Trainable params: 408,279,040 (bridge: 1,914,880, bart: 406,364,160)

  Phase 1: BART frozen for 10 warmup epochs (bridge-only)

============================================================
Training
============================================================
  Epoch   1/80 | train_loss=9.0832 | align=3.5244 | val_loss=5.2298 | val_F1=0.0000 (P=0.000 R=0.000) | lr=[bridge=2.93e-04, bart=0.00e+00..0.00e+00] | 66.3s
    New best checkpoint: val_F1=0.0000, val_loss=5.2298
  Epoch   2/80 | train_loss=8.9401 | align=3.4502 | val_loss=5.2274 | val_F1=0.0000 (P=0.000 R=0.000) | lr=[bridge=2.71e-04, bart=0.00e+00..0.00e+00] | 69.3s
    New best checkpoint: val_F1=0.0000, val_loss=5.2274
  Epoch   3/80 | train_loss=8.7330 | align=3.3330 | val_loss=5.1145 | val_F1=0.0000 (P=0.000 R=0.000) | lr=[bridge=2.38e-04, bart=0.00e+00..0.00e+00] | 63.5s
    New best checkpoint: val_F1=0.0000, val_loss=5.1145
  Epoch   4/80 | train_loss=8.6287 | align=3.2467 | val_loss=5.1707 | val_F1=0.0000 (P=0.000 R=0.000) | lr=[bridge=1.96e-04, bart=0.00e+00..0.00e+00] | 65.4s
  Epoch   5/80 | train_loss=8.5231 | align=3.2116 | val_loss=5.1013 | val_F1=0.0000 (P=0.000 R=0.000) | lr=[bridge=1.50e-04, bart=0.00e+00..0.00e+00] | 70.3s
    New best checkpoint: val_F1=0.0000, val_loss=5.1013
  Epoch   6/80 | train_loss=8.4597 | align=3.1040 | val_loss=5.1020 | val_F1=0.0012 (P=0.001 R=0.001) | lr=[bridge=1.04e-04, bart=0.00e+00..0.00e+00] | 67.1s
    New best checkpoint: val_F1=0.0012, val_loss=5.1020
  Epoch   7/80 | train_loss=8.4014 | align=3.0584 | val_loss=5.1008 | val_F1=0.0000 (P=0.000 R=0.000) | lr=[bridge=6.21e-05, bart=0.00e+00..0.00e+00] | 66.0s
  Epoch   8/80 | train_loss=8.4026 | align=3.0445 | val_loss=5.0991 | val_F1=0.0012 (P=0.001 R=0.001) | lr=[bridge=2.89e-05, bart=0.00e+00..0.00e+00] | 68.4s
    New best checkpoint: val_F1=0.0012, val_loss=5.0991
  Epoch   9/80 | train_loss=8.4012 | align=3.0542 | val_loss=5.0981 | val_F1=0.0012 (P=0.001 R=0.001) | lr=[bridge=7.63e-06, bart=0.00e+00..0.00e+00] | 68.7s
    New best checkpoint: val_F1=0.0012, val_loss=5.0981
  Epoch  10/80 | train_loss=8.4204 | align=3.0558 | val_loss=5.0967 | val_F1=0.0012 (P=0.001 R=0.001) | lr=[bridge=3.00e-07, bart=0.00e+00..0.00e+00] | 69.6s
    Sample predictions:
      [0] Gold (1): [('Detroit Automobile Company', 'follows', 'Edison Illuminating')]
          Pred (1): [('The Great Gatsby', 'author', 'Christopher Tolkien')]
      [1] Gold (1): [('Quadricycle', 'inception', '1896')]
          Pred (1): [('The Great Gatsby', 'author', 'Christopher Tolkien')]
      [2] Gold (1): [('Nazi regime', 'head of state', 'Adolf Hitler')]
          Pred (1): [('The Great Gatsby', 'author', 'Christopher Tolkien')]

  Phase 2: BART unfrozen (408,279,040 trainable params, 26 LLRD groups, 70 epochs, BART warmup=3 epochs, llrd_gamma=0.8)
  Epoch  11/80 | train_loss=6.4923 | align=2.8164 | val_loss=3.5306 | val_F1=0.0000 (P=0.000 R=0.000) | lr=[bridge=9.00e-05, bart=1.37e-06..2.00e-05] | 118.8s
  Epoch  12/80 | train_loss=5.8146 | align=2.7041 | val_loss=4.0652 | val_F1=0.0000 (P=0.000 R=0.000) | lr=[bridge=8.98e-05, bart=2.06e-06..3.00e-05] | 134.5s
  Epoch  13/80 | train_loss=5.3618 | align=2.7040 | val_loss=3.6940 | val_F1=0.0000 (P=0.000 R=0.000) | lr=[bridge=8.96e-05, bart=2.06e-06..3.00e-05] | 137.8s
  Epoch  14/80 | train_loss=5.0677 | align=2.7230 | val_loss=3.7734 | val_F1=0.0000 (P=0.000 R=0.000) | lr=[bridge=8.93e-05, bart=2.06e-06..3.00e-05] | 101.1s
  Epoch  15/80 | train_loss=4.8955 | align=2.7207 | val_loss=3.8319 | val_F1=0.0000 (P=0.000 R=0.000) | lr=[bridge=8.88e-05, bart=2.06e-06..2.99e-05] | 104.7s
  Epoch  16/80 | train_loss=4.7936 | align=2.7220 | val_loss=3.9087 | val_F1=0.0000 (P=0.000 R=0.000) | lr=[bridge=8.83e-05, bart=2.05e-06..2.98e-05] | 100.6s
  Epoch  17/80 | train_loss=4.7396 | align=2.7362 | val_loss=3.9191 | val_F1=0.0000 (P=0.000 R=0.000) | lr=[bridge=8.77e-05, bart=2.04e-06..2.97e-05] | 99.6s
  Epoch  18/80 | train_loss=4.6897 | align=2.7350 | val_loss=3.9458 | val_F1=0.0000 (P=0.000 R=0.000) | lr=[bridge=8.70e-05, bart=2.03e-06..2.96e-05] | 106.2s
  Epoch  19/80 | train_loss=4.6545 | align=2.7364 | val_loss=3.9938 | val_F1=0.0000 (P=0.000 R=0.000) | lr=[bridge=8.63e-05, bart=2.02e-06..2.94e-05] | 106.3s
  Epoch  20/80 | train_loss=4.6357 | align=2.7388 | val_loss=4.0310 | val_F1=0.0000 (P=0.000 R=0.000) | lr=[bridge=8.54e-05, bart=2.00e-06..2.92e-05] | 100.5s
    Sample predictions:
      [0] Gold (1): [('Detroit Automobile Company', 'follows', 'Edison Illuminating')]
          Pred (1): [('University of Texas', 'headquarters location', 'Austin')]
      [1] Gold (1): [('Quadricycle', 'inception', '1896')]
          Pred (1): [('University of Texas', 'headquarters location', 'Austin')]
      [2] Gold (1): [('Nazi regime', 'head of state', 'Adolf Hitler')]
          Pred (1): [('University of Texas', 'headquarters location', 'Austin')]
  Epoch  21/80 | train_loss=4.6801 | align=2.8024 | val_loss=4.0504 | val_F1=0.0000 (P=0.000 R=0.000) | lr=[bridge=8.45e-05, bart=1.99e-06..2.89e-05] | 105.5s
  Epoch  22/80 | train_loss=4.6323 | align=2.7857 | val_loss=4.0506 | val_F1=0.0000 (P=0.000 R=0.000) | lr=[bridge=8.34e-05, bart=1.97e-06..2.86e-05] | 102.2s
  Epoch  23/80 | train_loss=4.6154 | align=2.7849 | val_loss=4.0918 | val_F1=0.0000 (P=0.000 R=0.000) | lr=[bridge=8.23e-05, bart=1.95e-06..2.83e-05] | 109.5s
  Epoch  24/80 | train_loss=4.5963 | align=2.7818 | val_loss=4.1144 | val_F1=0.0000 (P=0.000 R=0.000) | lr=[bridge=8.12e-05, bart=1.92e-06..2.80e-05] | 101.8s
  Epoch  25/80 | train_loss=4.5826 | align=2.7806 | val_loss=4.1254 | val_F1=0.0000 (P=0.000 R=0.000) | lr=[bridge=7.99e-05, bart=1.90e-06..2.76e-05] | 103.4s
  Epoch  26/80 | train_loss=4.5676 | align=2.7786 | val_loss=4.1747 | val_F1=0.0000 (P=0.000 R=0.000) | lr=[bridge=7.86e-05, bart=1.87e-06..2.72e-05] | 121.7s
  Epoch  27/80 | train_loss=4.5626 | align=2.7814 | val_loss=4.1580 | val_F1=0.0000 (P=0.000 R=0.000) | lr=[bridge=7.72e-05, bart=1.84e-06..2.68e-05] | 100.5s
  Epoch  28/80 | train_loss=4.5538 | align=2.7804 | val_loss=4.1804 | val_F1=0.0000 (P=0.000 R=0.000) | lr=[bridge=7.57e-05, bart=1.81e-06..2.63e-05] | 101.5s
  Epoch  29/80 | train_loss=4.5472 | align=2.7820 | val_loss=4.1909 | val_F1=0.0000 (P=0.000 R=0.000) | lr=[bridge=7.42e-05, bart=1.78e-06..2.59e-05] | 100.1s
  Epoch  30/80 | train_loss=4.5383 | align=2.7797 | val_loss=4.1982 | val_F1=0.0000 (P=0.000 R=0.000) | lr=[bridge=7.26e-05, bart=1.74e-06..2.54e-05] | 101.8s
    Sample predictions:
      [0] Gold (1): [('Detroit Automobile Company', 'follows', 'Edison Illuminating')]
          Pred (1): [('George W. Bush', 'position held', 'President')]
      [1] Gold (1): [('Quadricycle', 'inception', '1896')]
          Pred (1): [('George W. Bush', 'position held', 'President')]
      [2] Gold (1): [('Nazi regime', 'head of state', 'Adolf Hitler')]
          Pred (1): [('George W. Bush', 'position held', 'President')]
  Epoch  31/80 | train_loss=4.5327 | align=2.7790 | val_loss=4.2162 | val_F1=0.0000 (P=0.000 R=0.000) | lr=[bridge=7.10e-05, bart=1.71e-06..2.48e-05] | 109.9s
  Epoch  32/80 | train_loss=4.5253 | align=2.7776 | val_loss=4.2362 | val_F1=0.0000 (P=0.000 R=0.000) | lr=[bridge=6.93e-05, bart=1.67e-06..2.43e-05] | 103.7s
  Epoch  33/80 | train_loss=4.5185 | align=2.7735 | val_loss=4.2508 | val_F1=0.0000 (P=0.000 R=0.000) | lr=[bridge=6.75e-05, bart=1.63e-06..2.37e-05] | 105.7s

  Early stopping at epoch 33 (no val loss improvement for 20 epochs)

============================================================
Test Evaluation (beam search)
============================================================
  Test F1:        0.0023
  Test Precision: 0.0025
  Test Recall:    0.0021
  Predicted:      1573 triplets
  Gold:           1936 triplets
  Correct:        4 triplets

Done!
END=Thu 28 May 2026 15:26:56 IDT
